../Core/Lib/TMC5160-STM32-HAL/TMC5160.c:4:19:TMC5160_WriteRegister	32	static
../Core/Lib/TMC5160-STM32-HAL/TMC5160.c:21:19:TMC5160_ReadRegister	40	static
../Core/Lib/TMC5160-STM32-HAL/TMC5160.c:40:19:TMC5160_Configuration	48	static
../Core/Lib/TMC5160-STM32-HAL/TMC5160.c:91:7:divide_uint32_t	16	static
../Core/Lib/TMC5160-STM32-HAL/TMC5160.c:97:10:parsing_data	40	static
../Core/Lib/TMC5160-STM32-HAL/TMC5160.c:117:19:TMC5160_setFirstAcceleration	16	static
../Core/Lib/TMC5160-STM32-HAL/TMC5160.c:126:19:TMC5160_setMaxAcceleration	16	static
../Core/Lib/TMC5160-STM32-HAL/TMC5160.c:135:19:TMC5160_setMaxDeceleration	16	static
../Core/Lib/TMC5160-STM32-HAL/TMC5160.c:143:19:TMC5160_setSecondDeceleration	16	static
../Core/Lib/TMC5160-STM32-HAL/TMC5160.c:151:19:TMC5160_setStopVelocity	16	static
../Core/Lib/TMC5160-STM32-HAL/TMC5160.c:159:19:TMC5160_setFirstVelocity	16	static
../Core/Lib/TMC5160-STM32-HAL/TMC5160.c:167:19:TMC5160_setMaxVelocity	16	static
../Core/Lib/TMC5160-STM32-HAL/TMC5160.c:175:19:TMC5160_setRampMode	16	static
../Core/Lib/TMC5160-STM32-HAL/TMC5160.c:180:19:TMC5160_Configuration_Drive	16	static
../Core/Lib/TMC5160-STM32-HAL/TMC5160.c:193:19:TMC5160_default_init	24	static
../Core/Lib/TMC5160-STM32-HAL/TMC5160.c:241:19:TMC5160_Conguration	48	static
../Core/Lib/TMC5160-STM32-HAL/TMC5160.c:290:19:TMC5160_Slow_decay	24	static
../Core/Lib/TMC5160-STM32-HAL/TMC5160.c:303:19:TMC5160_Comparator_Blank_Time	16	static
../Core/Lib/TMC5160-STM32-HAL/TMC5160.c:314:19:TMC5160_Selection_Of_ChopperMode	16	static
../Core/Lib/TMC5160-STM32-HAL/TMC5160.c:324:19:TMC5160_Increase_Passive_Decay	16	static
../Core/Lib/TMC5160-STM32-HAL/TMC5160.c:335:19:TMC5160_Hysteresis_Start_Setting	24	static
../Core/Lib/TMC5160-STM32-HAL/TMC5160.c:351:19:TMC5160_Hysteresis_End_Setting	24	static
../Core/Lib/TMC5160-STM32-HAL/TMC5160.c:365:19:TMC5160_Fast_Decay_Time_Setting_CHM1	24	static
../Core/Lib/TMC5160-STM32-HAL/TMC5160.c:379:19:TMC5160_Sine_Wave_Offset_CHM1	24	static
../Core/Lib/TMC5160-STM32-HAL/TMC5160.c:393:19:TMC5160_Fast_Decay_Mode_CHM1	24	static
../Core/Lib/TMC5160-STM32-HAL/TMC5160.c:413:19:TMC5160_Standstill_Current	16	static
../Core/Lib/TMC5160-STM32-HAL/TMC5160.c:421:19:TMC5160_Motor_Run_Current	16	static
../Core/Lib/TMC5160-STM32-HAL/TMC5160.c:429:19:TMC5160_Smooth_Current_Reduction	16	static
../Core/Lib/TMC5160-STM32-HAL/TMC5160.c:437:19:TMC5160_Global_Scaling_Of_Motor_Current	16	static
../Core/Lib/TMC5160-STM32-HAL/TMC5160.c:452:19:TMC5160_Flag_Indicates_Motor_Stand_Still	16	static
../Core/Lib/TMC5160-STM32-HAL/TMC5160.c:463:19:TMC5160_Delay_Time_After_Standstill	16	static
../Core/Lib/TMC5160-STM32-HAL/TMC5160.c:473:19:TMC5160_Upper_Velocity_For_StealthChop_Voltage_PWM_Mode	24	static
../Core/Lib/TMC5160-STM32-HAL/TMC5160.c:487:19:TMC5160_Control_The_Lower_Velocity_Threshold_For_Operation_With_CoolStep_And_StallGuard	24	static
../Core/Lib/TMC5160-STM32-HAL/TMC5160.c:501:19:TMC5160_Control_The_upper_threshold_for_operation_with_CoolStep_and_StallGuard	16	static
